
> al-arabia-inventory-pro@4.0.0 build:win
> vite build && electron-builder --win nsis echo Preparing resources\app and copying application files...

node.exe : [33mThe CJS build of Vite's Node API is deprecated. See 
https://vite.dev/guide/troubleshooting.html#vite-cjs-node-api-deprecated for 
more details.[39m
At line:1 char:1
+ & "C:\Program Files\nodejs/node.exe" "C:\Program Files\nodejs/node_mo ...
+ ~~~~~~~~~~~~~~~~~~~~~~~~~~~~~~~~~~~~~~~~~~~~~~~~~~~~~~~~~~~~~~~~~~~~~
    + CategoryInfo          : NotSpecified: ([33mThe CJS bu...e details.[39m 
   :String) [], RemoteException
    + FullyQualifiedErrorId : NativeCommandError
 
[36mvite v5.4.21 [32mbuilding for production...[36m[39m

/index.css doesn't exist at build time, it will remain unchanged to be 
resolved at runtime

transforming...
[32mظ£ô[39m 2710 modules transformed.
rendering chunks...
computing gzip size...
[2mdist/[22m[32mindex.html                    [39m[1m[2m  4.47 kB[22m[1m[22m[2m ظ¤é gzip:   1.78 kB[22m
[2mdist/[22m[36massets/JsBarcode-DEV0XGUw.js  [39m[1m[2m 66.33 kB[22m[1m[22m[2m ظ¤é gzip:  13.35 kB[22m
[2mdist/[22m[36massets/index-r5znPtt3.js      [39m[1m[33m748.38 kB[39m[22m[2m ظ¤é gzip: 216.09 kB[22m
[33m
(!) Some chunks are larger than 500 kB after minification. Consider:
- Using dynamic import() to code-split the application
- Use build.rollupOptions.output.manualChunks to improve chunking: 
https://rollupjs.org/configuration-options/#output-manualchunks
- Adjust chunk size limit for this warning via 
build.chunkSizeWarningLimit.[39m

[32mظ£ô built in 1m 33s[39m
  ظت electron-builder  version=24.13.3 os=10.0.14393
  ظت loaded configuration  file=package.json ("build" field)
  ظت author is missed in the package.json  appPackageFile=C:\Users\Silem\Downloads\al-arabia-inventory-v1.1 (1)\package.json
  ظذ» Unknown target: echo  failedTask=build stackTrace=Error: Unknown target: echo
    at createCommonTarget (C:\Users\Silem\Downloads\al-arabia-inventory-v1.1 (1)\node_modules\app-builder-lib\src\targets\targetFactory.ts:86:11)
    at C:\Users\Silem\Downloads\al-arabia-inventory-v1.1 (1)\node_modules\app-builder-lib\src\winPackager.ts:193:74
    at mapper (C:\Users\Silem\Downloads\al-arabia-inventory-v1.1 (1)\node_modules\app-builder-lib\src\targets\targetFactory.ts:56:16)
    at WinPackager.createTargets (C:\Users\Silem\Downloads\al-arabia-inventory-v1.1 (1)\node_modules\app-builder-lib\src\winPackager.ts:193:9)
    at createTargets (C:\Users\Silem\Downloads\al-arabia-inventory-v1.1 (1)\node_modules\app-builder-lib\src\targets\targetFactory.ts:63:12)
    at Packager.doBuild (C:\Users\Silem\Downloads\al-arabia-inventory-v1.1 (1)\node_modules\app-builder-lib\src\packager.ts:443:41)
    at executeFinally (C:\Users\Silem\Downloads\al-arabia-inventory-v1.1 (1)\node_modules\builder-util\src\promise.ts:12:14)
    at Packager._build (C:\Users\Silem\Downloads\al-arabia-inventory-v1.1 (1)\node_modules\app-builder-lib\src\packager.ts:379:31)
    at Packager.build (C:\Users\Silem\Downloads\al-arabia-inventory-v1.1 (1)\node_modules\app-builder-lib\src\packager.ts:340:12)
    at executeFinally (C:\Users\Silem\Downloads\al-arabia-inventory-v1.1 (1)\node_modules\builder-util\src\promise.ts:12:14)
